2026-07-22 15:31:47,639 WARNING dataset_management: Dataset Missing: snapshot_serengeti. Official page: https://lila.science/datasets/snapshot-serengeti/
2026-07-22 15:31:47,640 WARNING dataset_management: Dataset Missing: animal_kingdom. Official page: https://www.kaggle.com/datasets/ashishsaxena/animal-kingdom-image-dataset
2026-07-22 15:31:47,640 WARNING dataset_management: Dataset Missing: inaturalist. Official page: https://www.inaturalist.org/pages/developers
2026-07-22 15:31:47,640 WARNING dataset_management: Dataset Missing: birdclef. Official page: https://www.kaggle.com/competitions/birdclef-2024/data
2026-07-22 15:31:47,641 WARNING dataset_management: Dataset Missing: gbif. Official page: https://www.gbif.org/occurrence/download
2026-07-22 15:31:47,817 INFO dataset_management: Verified snapshot_serengeti: {'folder_exists': True, 'images_exist': False, 'audio_exist': False, 'csv_exists': False, 'metadata_exists': False, 'species_count': 0, 'image_count': 0, 'audio_count': 0, 'csv_count': 0, 'metadata_count': 0}
2026-07-22 15:31:47,817 INFO dataset_management: Verified animal_kingdom: {'folder_exists': True, 'images_exist': False, 'audio_exist': False, 'csv_exists': False, 'metadata_exists': False, 'species_count': 0, 'image_count': 0, 'audio_count': 0, 'csv_count': 0, 'metadata_count': 0}
2026-07-22 15:31:47,818 INFO dataset_management: Verified inaturalist: {'folder_exists': True, 'images_exist': False, 'audio_exist': False, 'csv_exists': False, 'metadata_exists': False, 'species_count': 0, 'image_count': 0, 'audio_count': 0, 'csv_count': 0, 'metadata_count': 0}
2026-07-22 15:31:47,818 INFO dataset_management: Verified birdclef: {'folder_exists': True, 'images_exist': False, 'audio_exist': False, 'csv_exists': False, 'metadata_exists': False, 'species_count': 0, 'image_count': 0, 'audio_count': 0, 'csv_count': 0, 'metadata_count': 0}
2026-07-22 15:31:47,818 INFO dataset_management: Verified gbif: {'folder_exists': True, 'images_exist': False, 'audio_exist': False, 'csv_exists': False, 'metadata_exists': False, 'species_count': 0, 'image_count': 0, 'audio_count': 0, 'csv_count': 0, 'metadata_count': 0}
2026-07-22 15:31:48,082 INFO dataset_management: Generated dataset_report.csv: images=0 audio=0
2026-07-22 15:33:30,799 WARNING dataset_management: Dataset Missing: snapshot_serengeti. Official page: https://lila.science/datasets/snapshot-serengeti/
2026-07-22 15:33:30,800 WARNING dataset_management: Dataset Missing: animal_kingdom. Official page: https://www.kaggle.com/datasets/ashishsaxena/animal-kingdom-image-dataset
2026-07-22 15:33:30,800 WARNING dataset_management: Dataset Missing: inaturalist. Official page: https://www.inaturalist.org/pages/developers
2026-07-22 15:33:30,800 WARNING dataset_management: Dataset Missing: birdclef. Official page: https://www.kaggle.com/competitions/birdclef-2024/data
2026-07-22 15:33:30,800 WARNING dataset_management: Dataset Missing: gbif. Official page: https://www.gbif.org/occurrence/download
2026-07-22 16:11:13,464 WARNING dataset_management: Dataset Missing: snapshot_serengeti. Official page: https://lila.science/datasets/snapshot-serengeti/
2026-07-22 16:11:13,465 WARNING dataset_management: Dataset Missing: animal_kingdom. Official page: https://www.kaggle.com/datasets/ashishsaxena/animal-kingdom-image-dataset
2026-07-22 16:11:13,466 WARNING dataset_management: Dataset Missing: inaturalist. Official page: https://www.inaturalist.org/pages/developers
2026-07-22 16:11:13,466 WARNING dataset_management: Dataset Missing: birdclef. Official page: https://www.kaggle.com/competitions/birdclef-2024/data
2026-07-22 16:11:13,466 WARNING dataset_management: Dataset Missing: gbif. Official page: https://www.gbif.org/occurrence/download
2026-07-22 16:11:13,467 INFO dataset_management: Verified snapshot_serengeti: {'folder_exists': True, 'images_exist': False, 'audio_exist': False, 'csv_exists': False, 'metadata_exists': False, 'species_count': 0, 'image_count': 0, 'audio_count': 0, 'csv_count': 0, 'metadata_count': 0}
2026-07-22 16:11:13,467 INFO dataset_management: Verified animal_kingdom: {'folder_exists': True, 'images_exist': False, 'audio_exist': False, 'csv_exists': False, 'metadata_exists': False, 'species_count': 0, 'image_count': 0, 'audio_count': 0, 'csv_count': 0, 'metadata_count': 0}
2026-07-22 16:11:13,467 INFO dataset_management: Verified inaturalist: {'folder_exists': True, 'images_exist': False, 'audio_exist': False, 'csv_exists': False, 'metadata_exists': False, 'species_count': 0, 'image_count': 0, 'audio_count': 0, 'csv_count': 0, 'metadata_count': 0}
2026-07-22 16:11:13,468 INFO dataset_management: Verified birdclef: {'folder_exists': True, 'images_exist': False, 'audio_exist': False, 'csv_exists': False, 'metadata_exists': False, 'species_count': 0, 'image_count': 0, 'audio_count': 0, 'csv_count': 0, 'metadata_count': 0}
2026-07-22 16:11:13,468 INFO dataset_management: Verified gbif: {'folder_exists': True, 'images_exist': False, 'audio_exist': False, 'csv_exists': False, 'metadata_exists': False, 'species_count': 0, 'image_count': 0, 'audio_count': 0, 'csv_count': 0, 'metadata_count': 0}
2026-07-22 16:11:13,481 INFO dataset_management: Generated dataset_report.csv: images=0 audio=0
2026-07-23 16:13:23,486 WARNING dataset_management: Dataset Missing: snapshot_serengeti. Official page: https://lila.science/datasets/snapshot-serengeti/
2026-07-23 16:13:23,491 WARNING dataset_management: Dataset Missing: animal_kingdom. Official page: https://www.kaggle.com/datasets/ashishsaxena/animal-kingdom-image-dataset
2026-07-23 16:13:23,493 WARNING dataset_management: Dataset Missing: inaturalist. Official page: https://www.inaturalist.org/pages/developers
2026-07-23 16:13:23,494 WARNING dataset_management: Dataset Missing: birdclef. Official page: https://www.kaggle.com/competitions/birdclef-2024/data
2026-07-23 16:13:23,495 WARNING dataset_management: Dataset Missing: gbif. Official page: https://www.gbif.org/occurrence/download
2026-07-23 16:13:23,497 INFO dataset_management: Verified snapshot_serengeti: {'folder_exists': True, 'images_exist': False, 'audio_exist': False, 'csv_exists': False, 'metadata_exists': False, 'species_count': 0, 'image_count': 0, 'audio_count': 0, 'csv_count': 0, 'metadata_count': 0}
2026-07-23 16:13:23,498 INFO dataset_management: Verified animal_kingdom: {'folder_exists': True, 'images_exist': False, 'audio_exist': False, 'csv_exists': False, 'metadata_exists': False, 'species_count': 0, 'image_count': 0, 'audio_count': 0, 'csv_count': 0, 'metadata_count': 0}
2026-07-23 16:13:23,500 INFO dataset_management: Verified inaturalist: {'folder_exists': True, 'images_exist': False, 'audio_exist': False, 'csv_exists': False, 'metadata_exists': False, 'species_count': 0, 'image_count': 0, 'audio_count': 0, 'csv_count': 0, 'metadata_count': 0}
2026-07-23 16:13:23,500 INFO dataset_management: Verified birdclef: {'folder_exists': True, 'images_exist': False, 'audio_exist': False, 'csv_exists': False, 'metadata_exists': False, 'species_count': 0, 'image_count': 0, 'audio_count': 0, 'csv_count': 0, 'metadata_count': 0}
2026-07-23 16:13:23,501 INFO dataset_management: Verified gbif: {'folder_exists': True, 'images_exist': False, 'audio_exist': False, 'csv_exists': False, 'metadata_exists': False, 'species_count': 0, 'image_count': 0, 'audio_count': 0, 'csv_count': 0, 'metadata_count': 0}
2026-07-23 16:13:23,511 WARNING dataset_management: Dataset Missing: snapshot_serengeti. Official page: https://lila.science/datasets/snapshot-serengeti/
2026-07-23 16:13:23,511 WARNING dataset_management: Dataset Missing: animal_kingdom. Official page: https://www.kaggle.com/datasets/ashishsaxena/animal-kingdom-image-dataset
2026-07-23 16:13:23,512 WARNING dataset_management: Dataset Missing: inaturalist. Official page: https://www.inaturalist.org/pages/developers
2026-07-23 16:13:23,512 WARNING dataset_management: Dataset Missing: birdclef. Official page: https://www.kaggle.com/competitions/birdclef-2024/data
2026-07-23 16:13:23,513 WARNING dataset_management: Dataset Missing: gbif. Official page: https://www.gbif.org/occurrence/download
2026-07-23 16:13:23,513 INFO dataset_management: Verified snapshot_serengeti: {'folder_exists': True, 'images_exist': False, 'audio_exist': False, 'csv_exists': False, 'metadata_exists': False, 'species_count': 0, 'image_count': 0, 'audio_count': 0, 'csv_count': 0, 'metadata_count': 0}
2026-07-23 16:13:23,514 INFO dataset_management: Verified animal_kingdom: {'folder_exists': True, 'images_exist': False, 'audio_exist': False, 'csv_exists': False, 'metadata_exists': False, 'species_count': 0, 'image_count': 0, 'audio_count': 0, 'csv_count': 0, 'metadata_count': 0}
2026-07-23 16:13:23,514 INFO dataset_management: Verified inaturalist: {'folder_exists': True, 'images_exist': False, 'audio_exist': False, 'csv_exists': False, 'metadata_exists': False, 'species_count': 0, 'image_count': 0, 'audio_count': 0, 'csv_count': 0, 'metadata_count': 0}
2026-07-23 16:13:23,515 INFO dataset_management: Verified birdclef: {'folder_exists': True, 'images_exist': False, 'audio_exist': False, 'csv_exists': False, 'metadata_exists': False, 'species_count': 0, 'image_count': 0, 'audio_count': 0, 'csv_count': 0, 'metadata_count': 0}
2026-07-23 16:13:23,515 INFO dataset_management: Verified gbif: {'folder_exists': True, 'images_exist': False, 'audio_exist': False, 'csv_exists': False, 'metadata_exists': False, 'species_count': 0, 'image_count': 0, 'audio_count': 0, 'csv_count': 0, 'metadata_count': 0}
2026-07-23 16:13:23,519 INFO dataset_management: Generated dataset_report.csv: images=0 audio=0
2026-07-23 16:13:23,535 INFO dataset_management: Generated dataset_report.csv: images=0 audio=0
2026-07-23 16:13:25,499 WARNING dataset_management: Dataset Missing: snapshot_serengeti. Official page: https://lila.science/datasets/snapshot-serengeti/
2026-07-23 16:13:25,500 WARNING dataset_management: Dataset Missing: animal_kingdom. Official page: https://www.kaggle.com/datasets/ashishsaxena/animal-kingdom-image-dataset
2026-07-23 16:13:25,500 WARNING dataset_management: Dataset Missing: inaturalist. Official page: https://www.inaturalist.org/pages/developers
2026-07-23 16:13:25,500 WARNING dataset_management: Dataset Missing: birdclef. Official page: https://www.kaggle.com/competitions/birdclef-2024/data
2026-07-23 16:13:25,501 WARNING dataset_management: Dataset Missing: gbif. Official page: https://www.gbif.org/occurrence/download
2026-07-23 16:13:25,501 INFO dataset_management: Verified snapshot_serengeti: {'folder_exists': True, 'images_exist': False, 'audio_exist': False, 'csv_exists': False, 'metadata_exists': False, 'species_count': 0, 'image_count': 0, 'audio_count': 0, 'csv_count': 0, 'metadata_count': 0}
2026-07-23 16:13:25,502 INFO dataset_management: Verified animal_kingdom: {'folder_exists': True, 'images_exist': False, 'audio_exist': False, 'csv_exists': False, 'metadata_exists': False, 'species_count': 0, 'image_count': 0, 'audio_count': 0, 'csv_count': 0, 'metadata_count': 0}
2026-07-23 16:13:25,502 INFO dataset_management: Verified inaturalist: {'folder_exists': True, 'images_exist': False, 'audio_exist': False, 'csv_exists': False, 'metadata_exists': False, 'species_count': 0, 'image_count': 0, 'audio_count': 0, 'csv_count': 0, 'metadata_count': 0}
2026-07-23 16:13:25,502 INFO dataset_management: Verified birdclef: {'folder_exists': True, 'images_exist': False, 'audio_exist': False, 'csv_exists': False, 'metadata_exists': False, 'species_count': 0, 'image_count': 0, 'audio_count': 0, 'csv_count': 0, 'metadata_count': 0}
2026-07-23 16:13:25,503 INFO dataset_management: Verified gbif: {'folder_exists': True, 'images_exist': False, 'audio_exist': False, 'csv_exists': False, 'metadata_exists': False, 'species_count': 0, 'image_count': 0, 'audio_count': 0, 'csv_count': 0, 'metadata_count': 0}
2026-07-23 16:13:25,518 WARNING dataset_management: Dataset Missing: snapshot_serengeti. Official page: https://lila.science/datasets/snapshot-serengeti/
2026-07-23 16:13:25,518 WARNING dataset_management: Dataset Missing: animal_kingdom. Official page: https://www.kaggle.com/datasets/ashishsaxena/animal-kingdom-image-dataset
2026-07-23 16:13:25,518 WARNING dataset_management: Dataset Missing: inaturalist. Official page: https://www.inaturalist.org/pages/developers
2026-07-23 16:13:25,520 WARNING dataset_management: Dataset Missing: birdclef. Official page: https://www.kaggle.com/competitions/birdclef-2024/data
2026-07-23 16:13:25,520 WARNING dataset_management: Dataset Missing: gbif. Official page: https://www.gbif.org/occurrence/download
2026-07-23 16:13:25,521 INFO dataset_management: Verified snapshot_serengeti: {'folder_exists': True, 'images_exist': False, 'audio_exist': False, 'csv_exists': False, 'metadata_exists': False, 'species_count': 0, 'image_count': 0, 'audio_count': 0, 'csv_count': 0, 'metadata_count': 0}
2026-07-23 16:13:25,521 INFO dataset_management: Verified animal_kingdom: {'folder_exists': True, 'images_exist': False, 'audio_exist': False, 'csv_exists': False, 'metadata_exists': False, 'species_count': 0, 'image_count': 0, 'audio_count': 0, 'csv_count': 0, 'metadata_count': 0}
2026-07-23 16:13:25,522 INFO dataset_management: Verified inaturalist: {'folder_exists': True, 'images_exist': False, 'audio_exist': False, 'csv_exists': False, 'metadata_exists': False, 'species_count': 0, 'image_count': 0, 'audio_count': 0, 'csv_count': 0, 'metadata_count': 0}
2026-07-23 16:13:25,522 INFO dataset_management: Verified birdclef: {'folder_exists': True, 'images_exist': False, 'audio_exist': False, 'csv_exists': False, 'metadata_exists': False, 'species_count': 0, 'image_count': 0, 'audio_count': 0, 'csv_count': 0, 'metadata_count': 0}
2026-07-23 16:13:25,523 INFO dataset_management: Verified gbif: {'folder_exists': True, 'images_exist': False, 'audio_exist': False, 'csv_exists': False, 'metadata_exists': False, 'species_count': 0, 'image_count': 0, 'audio_count': 0, 'csv_count': 0, 'metadata_count': 0}
2026-07-23 16:13:25,531 INFO dataset_management: Generated dataset_report.csv: images=0 audio=0
2026-07-23 16:13:34,239 INFO dataset_management: Image preprocessing complete: {'processed': 0, 'corrupted_removed': 0, 'thumbnails': 0, 'yolo_labels': 0, 'errors': []}
2026-07-23 16:13:40,831 INFO dataset_management: Generated dataset_report.csv: images=0 audio=0
2026-07-23 16:13:40,845 WARNING dataset_management: Dataset Missing: snapshot_serengeti. Official page: https://lila.science/datasets/snapshot-serengeti/
2026-07-23 16:13:40,846 WARNING dataset_management: Dataset Missing: animal_kingdom. Official page: https://www.kaggle.com/datasets/ashishsaxena/animal-kingdom-image-dataset
2026-07-23 16:13:40,846 WARNING dataset_management: Dataset Missing: inaturalist. Official page: https://www.inaturalist.org/pages/developers
2026-07-23 16:13:40,847 WARNING dataset_management: Dataset Missing: birdclef. Official page: https://www.kaggle.com/competitions/birdclef-2024/data
2026-07-23 16:13:40,847 WARNING dataset_management: Dataset Missing: gbif. Official page: https://www.gbif.org/occurrence/download
2026-07-23 16:13:40,848 INFO dataset_management: Verified snapshot_serengeti: {'folder_exists': True, 'images_exist': False, 'audio_exist': False, 'csv_exists': False, 'metadata_exists': False, 'species_count': 0, 'image_count': 0, 'audio_count': 0, 'csv_count': 0, 'metadata_count': 0}
2026-07-23 16:13:40,849 INFO dataset_management: Verified animal_kingdom: {'folder_exists': True, 'images_exist': False, 'audio_exist': False, 'csv_exists': False, 'metadata_exists': False, 'species_count': 0, 'image_count': 0, 'audio_count': 0, 'csv_count': 0, 'metadata_count': 0}
2026-07-23 16:13:40,849 INFO dataset_management: Verified inaturalist: {'folder_exists': True, 'images_exist': False, 'audio_exist': False, 'csv_exists': False, 'metadata_exists': False, 'species_count': 0, 'image_count': 0, 'audio_count': 0, 'csv_count': 0, 'metadata_count': 0}
2026-07-23 16:13:40,850 INFO dataset_management: Verified birdclef: {'folder_exists': True, 'images_exist': False, 'audio_exist': False, 'csv_exists': False, 'metadata_exists': False, 'species_count': 0, 'image_count': 0, 'audio_count': 0, 'csv_count': 0, 'metadata_count': 0}
2026-07-23 16:13:40,850 INFO dataset_management: Verified gbif: {'folder_exists': True, 'images_exist': False, 'audio_exist': False, 'csv_exists': False, 'metadata_exists': False, 'species_count': 0, 'image_count': 0, 'audio_count': 0, 'csv_count': 0, 'metadata_count': 0}
2026-07-23 16:13:40,859 INFO dataset_management: Generated dataset_report.csv: images=0 audio=0
2026-07-23 16:13:44,418 INFO dataset_management: Created class-balanced split: {'train': 0, 'validation': 0, 'test': 0}
2026-07-23 16:13:44,431 WARNING dataset_management: Dataset Missing: snapshot_serengeti. Official page: https://lila.science/datasets/snapshot-serengeti/
2026-07-23 16:13:44,432 WARNING dataset_management: Dataset Missing: animal_kingdom. Official page: https://www.kaggle.com/datasets/ashishsaxena/animal-kingdom-image-dataset
2026-07-23 16:13:44,432 WARNING dataset_management: Dataset Missing: inaturalist. Official page: https://www.inaturalist.org/pages/developers
2026-07-23 16:13:44,433 WARNING dataset_management: Dataset Missing: birdclef. Official page: https://www.kaggle.com/competitions/birdclef-2024/data
2026-07-23 16:13:44,433 WARNING dataset_management: Dataset Missing: gbif. Official page: https://www.gbif.org/occurrence/download
2026-07-23 16:13:44,433 INFO dataset_management: Verified snapshot_serengeti: {'folder_exists': True, 'images_exist': False, 'audio_exist': False, 'csv_exists': False, 'metadata_exists': False, 'species_count': 0, 'image_count': 0, 'audio_count': 0, 'csv_count': 0, 'metadata_count': 0}
2026-07-23 16:13:44,434 INFO dataset_management: Verified animal_kingdom: {'folder_exists': True, 'images_exist': False, 'audio_exist': False, 'csv_exists': False, 'metadata_exists': False, 'species_count': 0, 'image_count': 0, 'audio_count': 0, 'csv_count': 0, 'metadata_count': 0}
2026-07-23 16:13:44,434 INFO dataset_management: Verified inaturalist: {'folder_exists': True, 'images_exist': False, 'audio_exist': False, 'csv_exists': False, 'metadata_exists': False, 'species_count': 0, 'image_count': 0, 'audio_count': 0, 'csv_count': 0, 'metadata_count': 0}
2026-07-23 16:13:44,435 INFO dataset_management: Verified birdclef: {'folder_exists': True, 'images_exist': False, 'audio_exist': False, 'csv_exists': False, 'metadata_exists': False, 'species_count': 0, 'image_count': 0, 'audio_count': 0, 'csv_count': 0, 'metadata_count': 0}
2026-07-23 16:13:44,435 INFO dataset_management: Verified gbif: {'folder_exists': True, 'images_exist': False, 'audio_exist': False, 'csv_exists': False, 'metadata_exists': False, 'species_count': 0, 'image_count': 0, 'audio_count': 0, 'csv_count': 0, 'metadata_count': 0}
2026-07-23 16:13:44,443 INFO dataset_management: Generated dataset_report.csv: images=0 audio=0
2026-07-24 16:22:29,105 WARNING dataset_management: Dataset Missing: snapshot_serengeti. Official page: https://lila.science/datasets/snapshot-serengeti/
2026-07-24 16:22:29,109 WARNING dataset_management: Dataset Missing: animal_kingdom. Official page: https://www.kaggle.com/datasets/ashishsaxena/animal-kingdom-image-dataset
2026-07-24 16:22:29,111 WARNING dataset_management: Dataset Missing: inaturalist. Official page: https://www.inaturalist.org/pages/developers
2026-07-24 16:22:29,113 WARNING dataset_management: Dataset Missing: birdclef. Official page: https://www.kaggle.com/competitions/birdclef-2024/data
2026-07-24 16:22:29,117 WARNING dataset_management: Dataset Missing: gbif. Official page: https://www.gbif.org/occurrence/download
2026-07-24 16:22:29,121 INFO dataset_management: Verified snapshot_serengeti: {'folder_exists': True, 'images_exist': False, 'audio_exist': False, 'csv_exists': False, 'metadata_exists': False, 'species_count': 0, 'image_count': 0, 'audio_count': 0, 'csv_count': 0, 'metadata_count': 0}
2026-07-24 16:22:29,123 INFO dataset_management: Verified animal_kingdom: {'folder_exists': True, 'images_exist': False, 'audio_exist': False, 'csv_exists': False, 'metadata_exists': False, 'species_count': 0, 'image_count': 0, 'audio_count': 0, 'csv_count': 0, 'metadata_count': 0}
2026-07-24 16:22:29,125 INFO dataset_management: Verified inaturalist: {'folder_exists': True, 'images_exist': False, 'audio_exist': False, 'csv_exists': False, 'metadata_exists': False, 'species_count': 0, 'image_count': 0, 'audio_count': 0, 'csv_count': 0, 'metadata_count': 0}
2026-07-24 16:22:29,127 INFO dataset_management: Verified birdclef: {'folder_exists': True, 'images_exist': False, 'audio_exist': False, 'csv_exists': False, 'metadata_exists': False, 'species_count': 0, 'image_count': 0, 'audio_count': 0, 'csv_count': 0, 'metadata_count': 0}
2026-07-24 16:22:29,131 INFO dataset_management: Verified gbif: {'folder_exists': True, 'images_exist': False, 'audio_exist': False, 'csv_exists': False, 'metadata_exists': False, 'species_count': 0, 'image_count': 0, 'audio_count': 0, 'csv_count': 0, 'metadata_count': 0}
2026-07-24 16:22:29,480 WARNING dataset_management: Dataset Missing: snapshot_serengeti. Official page: https://lila.science/datasets/snapshot-serengeti/
2026-07-24 16:22:29,484 WARNING dataset_management: Dataset Missing: animal_kingdom. Official page: https://www.kaggle.com/datasets/ashishsaxena/animal-kingdom-image-dataset
2026-07-24 16:22:29,487 WARNING dataset_management: Dataset Missing: inaturalist. Official page: https://www.inaturalist.org/pages/developers
2026-07-24 16:22:29,490 WARNING dataset_management: Dataset Missing: birdclef. Official page: https://www.kaggle.com/competitions/birdclef-2024/data
2026-07-24 16:22:29,494 WARNING dataset_management: Dataset Missing: gbif. Official page: https://www.gbif.org/occurrence/download
2026-07-24 16:22:29,498 INFO dataset_management: Verified snapshot_serengeti: {'folder_exists': True, 'images_exist': False, 'audio_exist': False, 'csv_exists': False, 'metadata_exists': False, 'species_count': 0, 'image_count': 0, 'audio_count': 0, 'csv_count': 0, 'metadata_count': 0}
2026-07-24 16:22:29,502 INFO dataset_management: Generated dataset_report.csv: images=0 audio=0
2026-07-24 16:22:29,504 INFO dataset_management: Verified animal_kingdom: {'folder_exists': True, 'images_exist': False, 'audio_exist': False, 'csv_exists': False, 'metadata_exists': False, 'species_count': 0, 'image_count': 0, 'audio_count': 0, 'csv_count': 0, 'metadata_count': 0}
2026-07-24 16:22:29,509 INFO dataset_management: Verified inaturalist: {'folder_exists': True, 'images_exist': False, 'audio_exist': False, 'csv_exists': False, 'metadata_exists': False, 'species_count': 0, 'image_count': 0, 'audio_count': 0, 'csv_count': 0, 'metadata_count': 0}
2026-07-24 16:22:29,511 INFO dataset_management: Verified birdclef: {'folder_exists': True, 'images_exist': False, 'audio_exist': False, 'csv_exists': False, 'metadata_exists': False, 'species_count': 0, 'image_count': 0, 'audio_count': 0, 'csv_count': 0, 'metadata_count': 0}
2026-07-24 16:22:29,514 INFO dataset_management: Verified gbif: {'folder_exists': True, 'images_exist': False, 'audio_exist': False, 'csv_exists': False, 'metadata_exists': False, 'species_count': 0, 'image_count': 0, 'audio_count': 0, 'csv_count': 0, 'metadata_count': 0}
2026-07-24 16:22:29,887 INFO dataset_management: Generated dataset_report.csv: images=0 audio=0
2026-07-24 17:08:57,196 WARNING dataset_management: Dataset Missing: snapshot_serengeti. Official page: https://lila.science/datasets/snapshot-serengeti/
2026-07-24 17:08:57,197 WARNING dataset_management: Dataset Missing: animal_kingdom. Official page: https://www.kaggle.com/datasets/ashishsaxena/animal-kingdom-image-dataset
2026-07-24 17:08:57,198 WARNING dataset_management: Dataset Missing: inaturalist. Official page: https://www.inaturalist.org/pages/developers
2026-07-24 17:08:57,199 WARNING dataset_management: Dataset Missing: birdclef. Official page: https://www.kaggle.com/competitions/birdclef-2024/data
2026-07-24 17:08:57,200 WARNING dataset_management: Dataset Missing: gbif. Official page: https://www.gbif.org/occurrence/download
2026-07-24 17:08:57,202 INFO dataset_management: Verified snapshot_serengeti: {'folder_exists': True, 'images_exist': False, 'audio_exist': False, 'csv_exists': False, 'metadata_exists': False, 'species_count': 0, 'image_count': 0, 'audio_count': 0, 'csv_count': 0, 'metadata_count': 0}
2026-07-24 17:08:57,205 INFO dataset_management: Verified animal_kingdom: {'folder_exists': True, 'images_exist': False, 'audio_exist': False, 'csv_exists': False, 'metadata_exists': False, 'species_count': 0, 'image_count': 0, 'audio_count': 0, 'csv_count': 0, 'metadata_count': 0}
2026-07-24 17:08:57,206 INFO dataset_management: Verified inaturalist: {'folder_exists': True, 'images_exist': False, 'audio_exist': False, 'csv_exists': False, 'metadata_exists': False, 'species_count': 0, 'image_count': 0, 'audio_count': 0, 'csv_count': 0, 'metadata_count': 0}
2026-07-24 17:08:57,207 INFO dataset_management: Verified birdclef: {'folder_exists': True, 'images_exist': False, 'audio_exist': False, 'csv_exists': False, 'metadata_exists': False, 'species_count': 0, 'image_count': 0, 'audio_count': 0, 'csv_count': 0, 'metadata_count': 0}
2026-07-24 17:08:57,209 INFO dataset_management: Verified gbif: {'folder_exists': True, 'images_exist': False, 'audio_exist': False, 'csv_exists': False, 'metadata_exists': False, 'species_count': 0, 'image_count': 0, 'audio_count': 0, 'csv_count': 0, 'metadata_count': 0}
2026-07-24 17:08:57,541 WARNING dataset_management: Dataset Missing: snapshot_serengeti. Official page: https://lila.science/datasets/snapshot-serengeti/
2026-07-24 17:08:57,544 WARNING dataset_management: Dataset Missing: animal_kingdom. Official page: https://www.kaggle.com/datasets/ashishsaxena/animal-kingdom-image-dataset
2026-07-24 17:08:57,546 WARNING dataset_management: Dataset Missing: inaturalist. Official page: https://www.inaturalist.org/pages/developers
2026-07-24 17:08:57,547 WARNING dataset_management: Dataset Missing: birdclef. Official page: https://www.kaggle.com/competitions/birdclef-2024/data
2026-07-24 17:08:57,549 WARNING dataset_management: Dataset Missing: gbif. Official page: https://www.gbif.org/occurrence/download
2026-07-24 17:08:57,550 INFO dataset_management: Generated dataset_report.csv: images=0 audio=0
2026-07-24 17:08:57,553 INFO dataset_management: Verified snapshot_serengeti: {'folder_exists': True, 'images_exist': False, 'audio_exist': False, 'csv_exists': False, 'metadata_exists': False, 'species_count': 0, 'image_count': 0, 'audio_count': 0, 'csv_count': 0, 'metadata_count': 0}
2026-07-24 17:08:57,555 INFO dataset_management: Verified animal_kingdom: {'folder_exists': True, 'images_exist': False, 'audio_exist': False, 'csv_exists': False, 'metadata_exists': False, 'species_count': 0, 'image_count': 0, 'audio_count': 0, 'csv_count': 0, 'metadata_count': 0}
2026-07-24 17:08:57,556 INFO dataset_management: Verified inaturalist: {'folder_exists': True, 'images_exist': False, 'audio_exist': False, 'csv_exists': False, 'metadata_exists': False, 'species_count': 0, 'image_count': 0, 'audio_count': 0, 'csv_count': 0, 'metadata_count': 0}
2026-07-24 17:08:57,559 INFO dataset_management: Verified birdclef: {'folder_exists': True, 'images_exist': False, 'audio_exist': False, 'csv_exists': False, 'metadata_exists': False, 'species_count': 0, 'image_count': 0, 'audio_count': 0, 'csv_count': 0, 'metadata_count': 0}
2026-07-24 17:08:57,560 INFO dataset_management: Verified gbif: {'folder_exists': True, 'images_exist': False, 'audio_exist': False, 'csv_exists': False, 'metadata_exists': False, 'species_count': 0, 'image_count': 0, 'audio_count': 0, 'csv_count': 0, 'metadata_count': 0}
2026-07-24 17:08:57,903 INFO dataset_management: Generated dataset_report.csv: images=0 audio=0
2026-07-25 16:19:21,360 WARNING dataset_management: Dataset Missing: snapshot_serengeti. Official page: https://lila.science/datasets/snapshot-serengeti/
2026-07-25 16:19:21,362 WARNING dataset_management: Dataset Missing: animal_kingdom. Official page: https://www.kaggle.com/datasets/ashishsaxena/animal-kingdom-image-dataset
2026-07-25 16:19:21,363 WARNING dataset_management: Dataset Missing: inaturalist. Official page: https://www.inaturalist.org/pages/developers
2026-07-25 16:19:21,365 WARNING dataset_management: Dataset Missing: birdclef. Official page: https://www.kaggle.com/competitions/birdclef-2024/data
2026-07-25 16:19:21,367 WARNING dataset_management: Dataset Missing: gbif. Official page: https://www.gbif.org/occurrence/download
2026-07-25 16:19:21,369 INFO dataset_management: Verified snapshot_serengeti: {'folder_exists': True, 'images_exist': False, 'audio_exist': False, 'csv_exists': False, 'metadata_exists': False, 'species_count': 0, 'image_count': 0, 'audio_count': 0, 'csv_count': 0, 'metadata_count': 0}
2026-07-25 16:19:21,370 INFO dataset_management: Verified animal_kingdom: {'folder_exists': True, 'images_exist': False, 'audio_exist': False, 'csv_exists': False, 'metadata_exists': False, 'species_count': 0, 'image_count': 0, 'audio_count': 0, 'csv_count': 0, 'metadata_count': 0}
2026-07-25 16:19:21,372 INFO dataset_management: Verified inaturalist: {'folder_exists': True, 'images_exist': False, 'audio_exist': False, 'csv_exists': False, 'metadata_exists': False, 'species_count': 0, 'image_count': 0, 'audio_count': 0, 'csv_count': 0, 'metadata_count': 0}
2026-07-25 16:19:21,374 INFO dataset_management: Verified birdclef: {'folder_exists': True, 'images_exist': False, 'audio_exist': False, 'csv_exists': False, 'metadata_exists': False, 'species_count': 0, 'image_count': 0, 'audio_count': 0, 'csv_count': 0, 'metadata_count': 0}
2026-07-25 16:19:21,376 INFO dataset_management: Verified gbif: {'folder_exists': True, 'images_exist': False, 'audio_exist': False, 'csv_exists': False, 'metadata_exists': False, 'species_count': 0, 'image_count': 0, 'audio_count': 0, 'csv_count': 0, 'metadata_count': 0}
2026-07-25 16:19:21,710 INFO dataset_management: Generated dataset_report.csv: images=0 audio=0
2026-07-25 16:19:21,716 WARNING dataset_management: Dataset Missing: snapshot_serengeti. Official page: https://lila.science/datasets/snapshot-serengeti/
2026-07-25 16:19:21,717 WARNING dataset_management: Dataset Missing: animal_kingdom. Official page: https://www.kaggle.com/datasets/ashishsaxena/animal-kingdom-image-dataset
2026-07-25 16:19:21,718 WARNING dataset_management: Dataset Missing: inaturalist. Official page: https://www.inaturalist.org/pages/developers
2026-07-25 16:19:21,723 WARNING dataset_management: Dataset Missing: birdclef. Official page: https://www.kaggle.com/competitions/birdclef-2024/data
2026-07-25 16:19:21,728 WARNING dataset_management: Dataset Missing: gbif. Official page: https://www.gbif.org/occurrence/download
2026-07-25 16:19:21,730 INFO dataset_management: Verified snapshot_serengeti: {'folder_exists': True, 'images_exist': False, 'audio_exist': False, 'csv_exists': False, 'metadata_exists': False, 'species_count': 0, 'image_count': 0, 'audio_count': 0, 'csv_count': 0, 'metadata_count': 0}
2026-07-25 16:19:21,731 INFO dataset_management: Verified animal_kingdom: {'folder_exists': True, 'images_exist': False, 'audio_exist': False, 'csv_exists': False, 'metadata_exists': False, 'species_count': 0, 'image_count': 0, 'audio_count': 0, 'csv_count': 0, 'metadata_count': 0}
2026-07-25 16:19:21,734 INFO dataset_management: Verified inaturalist: {'folder_exists': True, 'images_exist': False, 'audio_exist': False, 'csv_exists': False, 'metadata_exists': False, 'species_count': 0, 'image_count': 0, 'audio_count': 0, 'csv_count': 0, 'metadata_count': 0}
2026-07-25 16:19:21,735 INFO dataset_management: Verified birdclef: {'folder_exists': True, 'images_exist': False, 'audio_exist': False, 'csv_exists': False, 'metadata_exists': False, 'species_count': 0, 'image_count': 0, 'audio_count': 0, 'csv_count': 0, 'metadata_count': 0}
2026-07-25 16:19:21,737 INFO dataset_management: Verified gbif: {'folder_exists': True, 'images_exist': False, 'audio_exist': False, 'csv_exists': False, 'metadata_exists': False, 'species_count': 0, 'image_count': 0, 'audio_count': 0, 'csv_count': 0, 'metadata_count': 0}
2026-07-25 16:19:22,061 INFO dataset_management: Generated dataset_report.csv: images=0 audio=0
2026-07-26 18:22:38,295 INFO dataset_management: Verified snapshot_serengeti: {'folder_exists': True, 'images_exist': False, 'audio_exist': False, 'csv_exists': False, 'metadata_exists': False, 'species_count': 0, 'image_count': 0, 'audio_count': 0, 'csv_count': 0, 'metadata_count': 0}
2026-07-26 18:22:38,298 INFO dataset_management: Verified animal_kingdom: {'folder_exists': True, 'images_exist': False, 'audio_exist': False, 'csv_exists': False, 'metadata_exists': False, 'species_count': 0, 'image_count': 0, 'audio_count': 0, 'csv_count': 0, 'metadata_count': 0}
2026-07-26 18:22:38,301 INFO dataset_management: Verified inaturalist: {'folder_exists': True, 'images_exist': False, 'audio_exist': False, 'csv_exists': False, 'metadata_exists': False, 'species_count': 0, 'image_count': 0, 'audio_count': 0, 'csv_count': 0, 'metadata_count': 0}
2026-07-26 18:22:38,307 INFO dataset_management: Verified birdclef: {'folder_exists': True, 'images_exist': False, 'audio_exist': False, 'csv_exists': False, 'metadata_exists': False, 'species_count': 0, 'image_count': 0, 'audio_count': 0, 'csv_count': 0, 'metadata_count': 0}
2026-07-26 18:22:38,334 INFO dataset_management: Verified gbif: {'folder_exists': True, 'images_exist': False, 'audio_exist': False, 'csv_exists': False, 'metadata_exists': False, 'species_count': 0, 'image_count': 0, 'audio_count': 0, 'csv_count': 0, 'metadata_count': 0}
2026-07-26 18:22:38,606 INFO dataset_management: Generated dataset_report.csv: images=0 audio=0
2026-07-26 18:22:38,656 INFO dataset_management: Verified snapshot_serengeti: {'folder_exists': True, 'images_exist': False, 'audio_exist': False, 'csv_exists': False, 'metadata_exists': False, 'species_count': 0, 'image_count': 0, 'audio_count': 0, 'csv_count': 0, 'metadata_count': 0}
2026-07-26 18:22:38,657 INFO dataset_management: Verified animal_kingdom: {'folder_exists': True, 'images_exist': False, 'audio_exist': False, 'csv_exists': False, 'metadata_exists': False, 'species_count': 0, 'image_count': 0, 'audio_count': 0, 'csv_count': 0, 'metadata_count': 0}
2026-07-26 18:22:38,658 INFO dataset_management: Verified inaturalist: {'folder_exists': True, 'images_exist': False, 'audio_exist': False, 'csv_exists': False, 'metadata_exists': False, 'species_count': 0, 'image_count': 0, 'audio_count': 0, 'csv_count': 0, 'metadata_count': 0}
2026-07-26 18:22:38,659 INFO dataset_management: Verified birdclef: {'folder_exists': True, 'images_exist': False, 'audio_exist': False, 'csv_exists': False, 'metadata_exists': False, 'species_count': 0, 'image_count': 0, 'audio_count': 0, 'csv_count': 0, 'metadata_count': 0}
2026-07-26 18:22:38,660 INFO dataset_management: Verified gbif: {'folder_exists': True, 'images_exist': False, 'audio_exist': False, 'csv_exists': False, 'metadata_exists': False, 'species_count': 0, 'image_count': 0, 'audio_count': 0, 'csv_count': 0, 'metadata_count': 0}
2026-07-26 18:22:38,952 INFO dataset_management: Generated dataset_report.csv: images=0 audio=0
2026-07-27 01:25:40,215 INFO dataset_management: Verified snapshot_serengeti: {'folder_exists': True, 'images_exist': False, 'audio_exist': False, 'csv_exists': False, 'metadata_exists': False, 'species_count': 0, 'image_count': 0, 'audio_count': 0, 'csv_count': 0, 'metadata_count': 0}
2026-07-27 01:25:40,218 INFO dataset_management: Verified animal_kingdom: {'folder_exists': True, 'images_exist': False, 'audio_exist': False, 'csv_exists': False, 'metadata_exists': False, 'species_count': 0, 'image_count': 0, 'audio_count': 0, 'csv_count': 0, 'metadata_count': 0}
2026-07-27 01:25:40,221 INFO dataset_management: Verified inaturalist: {'folder_exists': True, 'images_exist': False, 'audio_exist': False, 'csv_exists': False, 'metadata_exists': False, 'species_count': 0, 'image_count': 0, 'audio_count': 0, 'csv_count': 0, 'metadata_count': 0}
2026-07-27 01:25:40,223 INFO dataset_management: Verified birdclef: {'folder_exists': True, 'images_exist': False, 'audio_exist': False, 'csv_exists': False, 'metadata_exists': False, 'species_count': 0, 'image_count': 0, 'audio_count': 0, 'csv_count': 0, 'metadata_count': 0}
2026-07-27 01:25:40,225 INFO dataset_management: Verified gbif: {'folder_exists': True, 'images_exist': False, 'audio_exist': False, 'csv_exists': False, 'metadata_exists': False, 'species_count': 0, 'image_count': 0, 'audio_count': 0, 'csv_count': 0, 'metadata_count': 0}
2026-07-27 01:25:40,256 INFO dataset_management: Generated dataset_report.csv: images=0 audio=0
2026-07-27 01:25:40,464 INFO dataset_management: Verified snapshot_serengeti: {'folder_exists': True, 'images_exist': False, 'audio_exist': False, 'csv_exists': False, 'metadata_exists': False, 'species_count': 0, 'image_count': 0, 'audio_count': 0, 'csv_count': 0, 'metadata_count': 0}
2026-07-27 01:25:40,465 INFO dataset_management: Verified animal_kingdom: {'folder_exists': True, 'images_exist': False, 'audio_exist': False, 'csv_exists': False, 'metadata_exists': False, 'species_count': 0, 'image_count': 0, 'audio_count': 0, 'csv_count': 0, 'metadata_count': 0}
2026-07-27 01:25:40,466 INFO dataset_management: Verified inaturalist: {'folder_exists': True, 'images_exist': False, 'audio_exist': False, 'csv_exists': False, 'metadata_exists': False, 'species_count': 0, 'image_count': 0, 'audio_count': 0, 'csv_count': 0, 'metadata_count': 0}
2026-07-27 01:25:40,467 INFO dataset_management: Verified birdclef: {'folder_exists': True, 'images_exist': False, 'audio_exist': False, 'csv_exists': False, 'metadata_exists': False, 'species_count': 0, 'image_count': 0, 'audio_count': 0, 'csv_count': 0, 'metadata_count': 0}
2026-07-27 01:25:40,468 INFO dataset_management: Verified gbif: {'folder_exists': True, 'images_exist': False, 'audio_exist': False, 'csv_exists': False, 'metadata_exists': False, 'species_count': 0, 'image_count': 0, 'audio_count': 0, 'csv_count': 0, 'metadata_count': 0}
2026-07-27 01:25:40,571 INFO dataset_management: Generated dataset_report.csv: images=0 audio=0
2026-07-27 01:25:51,039 INFO dataset_management: Verified snapshot_serengeti: {'folder_exists': True, 'images_exist': False, 'audio_exist': False, 'csv_exists': False, 'metadata_exists': False, 'species_count': 0, 'image_count': 0, 'audio_count': 0, 'csv_count': 0, 'metadata_count': 0}
2026-07-27 01:25:51,040 INFO dataset_management: Verified animal_kingdom: {'folder_exists': True, 'images_exist': False, 'audio_exist': False, 'csv_exists': False, 'metadata_exists': False, 'species_count': 0, 'image_count': 0, 'audio_count': 0, 'csv_count': 0, 'metadata_count': 0}
2026-07-27 01:25:51,041 INFO dataset_management: Verified inaturalist: {'folder_exists': True, 'images_exist': False, 'audio_exist': False, 'csv_exists': False, 'metadata_exists': False, 'species_count': 0, 'image_count': 0, 'audio_count': 0, 'csv_count': 0, 'metadata_count': 0}
2026-07-27 01:25:51,042 INFO dataset_management: Verified birdclef: {'folder_exists': True, 'images_exist': False, 'audio_exist': False, 'csv_exists': False, 'metadata_exists': False, 'species_count': 0, 'image_count': 0, 'audio_count': 0, 'csv_count': 0, 'metadata_count': 0}
2026-07-27 01:25:51,044 INFO dataset_management: Verified gbif: {'folder_exists': True, 'images_exist': False, 'audio_exist': False, 'csv_exists': False, 'metadata_exists': False, 'species_count': 0, 'image_count': 0, 'audio_count': 0, 'csv_count': 0, 'metadata_count': 0}
2026-07-27 01:25:51,380 INFO dataset_management: Verified snapshot_serengeti: {'folder_exists': True, 'images_exist': False, 'audio_exist': False, 'csv_exists': False, 'metadata_exists': False, 'species_count': 0, 'image_count': 0, 'audio_count': 0, 'csv_count': 0, 'metadata_count': 0}
2026-07-27 01:25:51,381 INFO dataset_management: Verified animal_kingdom: {'folder_exists': True, 'images_exist': False, 'audio_exist': False, 'csv_exists': False, 'metadata_exists': False, 'species_count': 0, 'image_count': 0, 'audio_count': 0, 'csv_count': 0, 'metadata_count': 0}
2026-07-27 01:25:51,384 INFO dataset_management: Verified inaturalist: {'folder_exists': True, 'images_exist': False, 'audio_exist': False, 'csv_exists': False, 'metadata_exists': False, 'species_count': 0, 'image_count': 0, 'audio_count': 0, 'csv_count': 0, 'metadata_count': 0}
2026-07-27 01:25:51,388 INFO dataset_management: Verified birdclef: {'folder_exists': True, 'images_exist': False, 'audio_exist': False, 'csv_exists': False, 'metadata_exists': False, 'species_count': 0, 'image_count': 0, 'audio_count': 0, 'csv_count': 0, 'metadata_count': 0}
2026-07-27 01:25:51,391 INFO dataset_management: Verified gbif: {'folder_exists': True, 'images_exist': False, 'audio_exist': False, 'csv_exists': False, 'metadata_exists': False, 'species_count': 0, 'image_count': 0, 'audio_count': 0, 'csv_count': 0, 'metadata_count': 0}
2026-07-27 01:25:51,430 INFO dataset_management: Generated dataset_report.csv: images=0 audio=0
2026-07-27 01:25:54,317 INFO dataset_management: Generated dataset_report.csv: images=0 audio=0
2026-07-27 01:25:54,548 INFO dataset_management: Verified snapshot_serengeti: {'folder_exists': True, 'images_exist': False, 'audio_exist': False, 'csv_exists': False, 'metadata_exists': False, 'species_count': 0, 'image_count': 0, 'audio_count': 0, 'csv_count': 0, 'metadata_count': 0}
2026-07-27 01:25:54,550 INFO dataset_management: Verified animal_kingdom: {'folder_exists': True, 'images_exist': False, 'audio_exist': False, 'csv_exists': False, 'metadata_exists': False, 'species_count': 0, 'image_count': 0, 'audio_count': 0, 'csv_count': 0, 'metadata_count': 0}
2026-07-27 01:25:54,550 INFO dataset_management: Verified inaturalist: {'folder_exists': True, 'images_exist': False, 'audio_exist': False, 'csv_exists': False, 'metadata_exists': False, 'species_count': 0, 'image_count': 0, 'audio_count': 0, 'csv_count': 0, 'metadata_count': 0}
2026-07-27 01:25:54,551 INFO dataset_management: Verified birdclef: {'folder_exists': True, 'images_exist': False, 'audio_exist': False, 'csv_exists': False, 'metadata_exists': False, 'species_count': 0, 'image_count': 0, 'audio_count': 0, 'csv_count': 0, 'metadata_count': 0}
2026-07-27 01:25:54,553 INFO dataset_management: Verified gbif: {'folder_exists': True, 'images_exist': False, 'audio_exist': False, 'csv_exists': False, 'metadata_exists': False, 'species_count': 0, 'image_count': 0, 'audio_count': 0, 'csv_count': 0, 'metadata_count': 0}
2026-07-27 01:25:54,671 INFO dataset_management: Generated dataset_report.csv: images=0 audio=0
2026-07-27 01:25:55,613 INFO dataset_management: Verified snapshot_serengeti: {'folder_exists': True, 'images_exist': False, 'audio_exist': False, 'csv_exists': False, 'metadata_exists': False, 'species_count': 0, 'image_count': 0, 'audio_count': 0, 'csv_count': 0, 'metadata_count': 0}
2026-07-27 01:25:55,614 INFO dataset_management: Verified animal_kingdom: {'folder_exists': True, 'images_exist': False, 'audio_exist': False, 'csv_exists': False, 'metadata_exists': False, 'species_count': 0, 'image_count': 0, 'audio_count': 0, 'csv_count': 0, 'metadata_count': 0}
2026-07-27 01:25:55,616 INFO dataset_management: Verified inaturalist: {'folder_exists': True, 'images_exist': False, 'audio_exist': False, 'csv_exists': False, 'metadata_exists': False, 'species_count': 0, 'image_count': 0, 'audio_count': 0, 'csv_count': 0, 'metadata_count': 0}
2026-07-27 01:25:55,617 INFO dataset_management: Verified birdclef: {'folder_exists': True, 'images_exist': False, 'audio_exist': False, 'csv_exists': False, 'metadata_exists': False, 'species_count': 0, 'image_count': 0, 'audio_count': 0, 'csv_count': 0, 'metadata_count': 0}
2026-07-27 01:25:55,619 INFO dataset_management: Verified gbif: {'folder_exists': True, 'images_exist': False, 'audio_exist': False, 'csv_exists': False, 'metadata_exists': False, 'species_count': 0, 'image_count': 0, 'audio_count': 0, 'csv_count': 0, 'metadata_count': 0}
2026-07-27 01:25:55,948 INFO dataset_management: Verified snapshot_serengeti: {'folder_exists': True, 'images_exist': False, 'audio_exist': False, 'csv_exists': False, 'metadata_exists': False, 'species_count': 0, 'image_count': 0, 'audio_count': 0, 'csv_count': 0, 'metadata_count': 0}
2026-07-27 01:25:55,950 INFO dataset_management: Verified animal_kingdom: {'folder_exists': True, 'images_exist': False, 'audio_exist': False, 'csv_exists': False, 'metadata_exists': False, 'species_count': 0, 'image_count': 0, 'audio_count': 0, 'csv_count': 0, 'metadata_count': 0}
2026-07-27 01:25:55,952 INFO dataset_management: Verified inaturalist: {'folder_exists': True, 'images_exist': False, 'audio_exist': False, 'csv_exists': False, 'metadata_exists': False, 'species_count': 0, 'image_count': 0, 'audio_count': 0, 'csv_count': 0, 'metadata_count': 0}
2026-07-27 01:25:55,955 INFO dataset_management: Verified birdclef: {'folder_exists': True, 'images_exist': False, 'audio_exist': False, 'csv_exists': False, 'metadata_exists': False, 'species_count': 0, 'image_count': 0, 'audio_count': 0, 'csv_count': 0, 'metadata_count': 0}
2026-07-27 01:25:55,958 INFO dataset_management: Verified gbif: {'folder_exists': True, 'images_exist': False, 'audio_exist': False, 'csv_exists': False, 'metadata_exists': False, 'species_count': 0, 'image_count': 0, 'audio_count': 0, 'csv_count': 0, 'metadata_count': 0}
2026-07-27 01:25:56,003 INFO dataset_management: Generated dataset_report.csv: images=0 audio=0
2026-07-27 17:54:55,216 INFO dataset_management: Verified snapshot_serengeti: {'folder_exists': True, 'images_exist': False, 'audio_exist': False, 'csv_exists': False, 'metadata_exists': False, 'species_count': 0, 'image_count': 0, 'audio_count': 0, 'csv_count': 0, 'metadata_count': 0}
2026-07-27 17:54:55,218 INFO dataset_management: Verified animal_kingdom: {'folder_exists': True, 'images_exist': False, 'audio_exist': False, 'csv_exists': False, 'metadata_exists': False, 'species_count': 0, 'image_count': 0, 'audio_count': 0, 'csv_count': 0, 'metadata_count': 0}
2026-07-27 17:54:55,220 INFO dataset_management: Verified inaturalist: {'folder_exists': True, 'images_exist': False, 'audio_exist': False, 'csv_exists': False, 'metadata_exists': False, 'species_count': 0, 'image_count': 0, 'audio_count': 0, 'csv_count': 0, 'metadata_count': 0}
2026-07-27 17:54:55,221 INFO dataset_management: Verified birdclef: {'folder_exists': True, 'images_exist': False, 'audio_exist': False, 'csv_exists': False, 'metadata_exists': False, 'species_count': 0, 'image_count': 0, 'audio_count': 0, 'csv_count': 0, 'metadata_count': 0}
2026-07-27 17:54:55,225 INFO dataset_management: Verified gbif: {'folder_exists': True, 'images_exist': False, 'audio_exist': False, 'csv_exists': False, 'metadata_exists': False, 'species_count': 0, 'image_count': 0, 'audio_count': 0, 'csv_count': 0, 'metadata_count': 0}
2026-07-27 17:54:55,256 INFO dataset_management: Generated dataset_report.csv: images=0 audio=0
2026-07-27 17:54:55,464 INFO dataset_management: Verified snapshot_serengeti: {'folder_exists': True, 'images_exist': False, 'audio_exist': False, 'csv_exists': False, 'metadata_exists': False, 'species_count': 0, 'image_count': 0, 'audio_count': 0, 'csv_count': 0, 'metadata_count': 0}
2026-07-27 17:54:55,465 INFO dataset_management: Verified animal_kingdom: {'folder_exists': True, 'images_exist': False, 'audio_exist': False, 'csv_exists': False, 'metadata_exists': False, 'species_count': 0, 'image_count': 0, 'audio_count': 0, 'csv_count': 0, 'metadata_count': 0}
2026-07-27 17:54:55,467 INFO dataset_management: Verified inaturalist: {'folder_exists': True, 'images_exist': False, 'audio_exist': False, 'csv_exists': False, 'metadata_exists': False, 'species_count': 0, 'image_count': 0, 'audio_count': 0, 'csv_count': 0, 'metadata_count': 0}
2026-07-27 17:54:55,469 INFO dataset_management: Verified birdclef: {'folder_exists': True, 'images_exist': False, 'audio_exist': False, 'csv_exists': False, 'metadata_exists': False, 'species_count': 0, 'image_count': 0, 'audio_count': 0, 'csv_count': 0, 'metadata_count': 0}
2026-07-27 17:54:55,474 INFO dataset_management: Verified gbif: {'folder_exists': True, 'images_exist': False, 'audio_exist': False, 'csv_exists': False, 'metadata_exists': False, 'species_count': 0, 'image_count': 0, 'audio_count': 0, 'csv_count': 0, 'metadata_count': 0}
2026-07-27 17:54:55,590 INFO dataset_management: Generated dataset_report.csv: images=0 audio=0
2026-07-28 20:09:16,296 INFO dataset_management: Verified snapshot_serengeti: {'folder_exists': True, 'images_exist': False, 'audio_exist': False, 'csv_exists': False, 'metadata_exists': False, 'species_count': 0, 'image_count': 0, 'audio_count': 0, 'csv_count': 0, 'metadata_count': 0}
2026-07-28 20:09:16,303 INFO dataset_management: Verified animal_kingdom: {'folder_exists': True, 'images_exist': False, 'audio_exist': False, 'csv_exists': False, 'metadata_exists': False, 'species_count': 0, 'image_count': 0, 'audio_count': 0, 'csv_count': 0, 'metadata_count': 0}
2026-07-28 20:09:16,305 INFO dataset_management: Verified inaturalist: {'folder_exists': True, 'images_exist': False, 'audio_exist': False, 'csv_exists': False, 'metadata_exists': False, 'species_count': 0, 'image_count': 0, 'audio_count': 0, 'csv_count': 0, 'metadata_count': 0}
2026-07-28 20:09:16,319 INFO dataset_management: Verified birdclef: {'folder_exists': True, 'images_exist': False, 'audio_exist': False, 'csv_exists': False, 'metadata_exists': False, 'species_count': 0, 'image_count': 0, 'audio_count': 0, 'csv_count': 0, 'metadata_count': 0}
2026-07-28 20:09:16,329 INFO dataset_management: Verified gbif: {'folder_exists': True, 'images_exist': False, 'audio_exist': False, 'csv_exists': False, 'metadata_exists': False, 'species_count': 0, 'image_count': 0, 'audio_count': 0, 'csv_count': 0, 'metadata_count': 0}
2026-07-28 20:09:16,409 INFO dataset_management: Generated dataset_report.csv: images=0 audio=0
2026-07-28 20:09:16,543 INFO dataset_management: Verified snapshot_serengeti: {'folder_exists': True, 'images_exist': False, 'audio_exist': False, 'csv_exists': False, 'metadata_exists': False, 'species_count': 0, 'image_count': 0, 'audio_count': 0, 'csv_count': 0, 'metadata_count': 0}
2026-07-28 20:09:16,544 INFO dataset_management: Verified animal_kingdom: {'folder_exists': True, 'images_exist': False, 'audio_exist': False, 'csv_exists': False, 'metadata_exists': False, 'species_count': 0, 'image_count': 0, 'audio_count': 0, 'csv_count': 0, 'metadata_count': 0}
2026-07-28 20:09:16,545 INFO dataset_management: Verified inaturalist: {'folder_exists': True, 'images_exist': False, 'audio_exist': False, 'csv_exists': False, 'metadata_exists': False, 'species_count': 0, 'image_count': 0, 'audio_count': 0, 'csv_count': 0, 'metadata_count': 0}
2026-07-28 20:09:16,551 INFO dataset_management: Verified birdclef: {'folder_exists': True, 'images_exist': False, 'audio_exist': False, 'csv_exists': False, 'metadata_exists': False, 'species_count': 0, 'image_count': 0, 'audio_count': 0, 'csv_count': 0, 'metadata_count': 0}
2026-07-28 20:09:16,554 INFO dataset_management: Verified gbif: {'folder_exists': True, 'images_exist': False, 'audio_exist': False, 'csv_exists': False, 'metadata_exists': False, 'species_count': 0, 'image_count': 0, 'audio_count': 0, 'csv_count': 0, 'metadata_count': 0}
2026-07-28 20:09:16,699 INFO dataset_management: Generated dataset_report.csv: images=0 audio=0
2026-07-29 14:14:33,418 INFO dataset_management: Verified snapshot_serengeti: {'folder_exists': True, 'images_exist': False, 'audio_exist': False, 'csv_exists': False, 'metadata_exists': False, 'species_count': 0, 'image_count': 0, 'audio_count': 0, 'csv_count': 0, 'metadata_count': 0}
2026-07-29 14:14:33,422 INFO dataset_management: Verified animal_kingdom: {'folder_exists': True, 'images_exist': False, 'audio_exist': False, 'csv_exists': False, 'metadata_exists': False, 'species_count': 0, 'image_count': 0, 'audio_count': 0, 'csv_count': 0, 'metadata_count': 0}
2026-07-29 14:14:33,423 INFO dataset_management: Verified inaturalist: {'folder_exists': True, 'images_exist': False, 'audio_exist': False, 'csv_exists': False, 'metadata_exists': False, 'species_count': 0, 'image_count': 0, 'audio_count': 0, 'csv_count': 0, 'metadata_count': 0}
2026-07-29 14:14:33,428 INFO dataset_management: Verified birdclef: {'folder_exists': True, 'images_exist': False, 'audio_exist': False, 'csv_exists': False, 'metadata_exists': False, 'species_count': 0, 'image_count': 0, 'audio_count': 0, 'csv_count': 0, 'metadata_count': 0}
2026-07-29 14:14:33,435 INFO dataset_management: Verified gbif: {'folder_exists': True, 'images_exist': False, 'audio_exist': False, 'csv_exists': False, 'metadata_exists': False, 'species_count': 0, 'image_count': 0, 'audio_count': 0, 'csv_count': 0, 'metadata_count': 0}
2026-07-29 14:14:33,469 INFO dataset_management: Generated dataset_report.csv: images=0 audio=0
2026-07-29 14:14:33,658 INFO dataset_management: Verified snapshot_serengeti: {'folder_exists': True, 'images_exist': False, 'audio_exist': False, 'csv_exists': False, 'metadata_exists': False, 'species_count': 0, 'image_count': 0, 'audio_count': 0, 'csv_count': 0, 'metadata_count': 0}
2026-07-29 14:14:33,659 INFO dataset_management: Verified animal_kingdom: {'folder_exists': True, 'images_exist': False, 'audio_exist': False, 'csv_exists': False, 'metadata_exists': False, 'species_count': 0, 'image_count': 0, 'audio_count': 0, 'csv_count': 0, 'metadata_count': 0}
2026-07-29 14:14:33,660 INFO dataset_management: Verified inaturalist: {'folder_exists': True, 'images_exist': False, 'audio_exist': False, 'csv_exists': False, 'metadata_exists': False, 'species_count': 0, 'image_count': 0, 'audio_count': 0, 'csv_count': 0, 'metadata_count': 0}
2026-07-29 14:14:33,662 INFO dataset_management: Verified birdclef: {'folder_exists': True, 'images_exist': False, 'audio_exist': False, 'csv_exists': False, 'metadata_exists': False, 'species_count': 0, 'image_count': 0, 'audio_count': 0, 'csv_count': 0, 'metadata_count': 0}
2026-07-29 14:14:33,663 INFO dataset_management: Verified gbif: {'folder_exists': True, 'images_exist': False, 'audio_exist': False, 'csv_exists': False, 'metadata_exists': False, 'species_count': 0, 'image_count': 0, 'audio_count': 0, 'csv_count': 0, 'metadata_count': 0}
2026-07-29 14:14:33,797 INFO dataset_management: Generated dataset_report.csv: images=0 audio=0
2026-07-29 14:32:36,526 INFO dataset_management: Verified snapshot_serengeti: {'folder_exists': True, 'images_exist': False, 'audio_exist': False, 'csv_exists': False, 'metadata_exists': False, 'species_count': 0, 'image_count': 0, 'audio_count': 0, 'csv_count': 0, 'metadata_count': 0}
2026-07-29 14:32:36,528 INFO dataset_management: Verified animal_kingdom: {'folder_exists': True, 'images_exist': False, 'audio_exist': False, 'csv_exists': False, 'metadata_exists': False, 'species_count': 0, 'image_count': 0, 'audio_count': 0, 'csv_count': 0, 'metadata_count': 0}
2026-07-29 14:32:36,530 INFO dataset_management: Verified inaturalist: {'folder_exists': True, 'images_exist': False, 'audio_exist': False, 'csv_exists': False, 'metadata_exists': False, 'species_count': 0, 'image_count': 0, 'audio_count': 0, 'csv_count': 0, 'metadata_count': 0}
2026-07-29 14:32:36,532 INFO dataset_management: Verified birdclef: {'folder_exists': True, 'images_exist': False, 'audio_exist': False, 'csv_exists': False, 'metadata_exists': False, 'species_count': 0, 'image_count': 0, 'audio_count': 0, 'csv_count': 0, 'metadata_count': 0}
2026-07-29 14:32:36,534 INFO dataset_management: Verified gbif: {'folder_exists': True, 'images_exist': False, 'audio_exist': False, 'csv_exists': False, 'metadata_exists': False, 'species_count': 0, 'image_count': 0, 'audio_count': 0, 'csv_count': 0, 'metadata_count': 0}
2026-07-29 14:32:36,561 INFO dataset_management: Generated dataset_report.csv: images=0 audio=0
2026-07-29 14:32:36,781 INFO dataset_management: Verified snapshot_serengeti: {'folder_exists': True, 'images_exist': False, 'audio_exist': False, 'csv_exists': False, 'metadata_exists': False, 'species_count': 0, 'image_count': 0, 'audio_count': 0, 'csv_count': 0, 'metadata_count': 0}
2026-07-29 14:32:36,782 INFO dataset_management: Verified animal_kingdom: {'folder_exists': True, 'images_exist': False, 'audio_exist': False, 'csv_exists': False, 'metadata_exists': False, 'species_count': 0, 'image_count': 0, 'audio_count': 0, 'csv_count': 0, 'metadata_count': 0}
2026-07-29 14:32:36,784 INFO dataset_management: Verified inaturalist: {'folder_exists': True, 'images_exist': False, 'audio_exist': False, 'csv_exists': False, 'metadata_exists': False, 'species_count': 0, 'image_count': 0, 'audio_count': 0, 'csv_count': 0, 'metadata_count': 0}
2026-07-29 14:32:36,785 INFO dataset_management: Verified birdclef: {'folder_exists': True, 'images_exist': False, 'audio_exist': False, 'csv_exists': False, 'metadata_exists': False, 'species_count': 0, 'image_count': 0, 'audio_count': 0, 'csv_count': 0, 'metadata_count': 0}
2026-07-29 14:32:36,787 INFO dataset_management: Verified gbif: {'folder_exists': True, 'images_exist': False, 'audio_exist': False, 'csv_exists': False, 'metadata_exists': False, 'species_count': 0, 'image_count': 0, 'audio_count': 0, 'csv_count': 0, 'metadata_count': 0}
2026-07-29 14:32:36,877 INFO dataset_management: Generated dataset_report.csv: images=0 audio=0
2026-07-30 00:12:47,877 INFO dataset_management: Verified snapshot_serengeti: {'folder_exists': True, 'images_exist': False, 'audio_exist': False, 'csv_exists': False, 'metadata_exists': False, 'species_count': 0, 'image_count': 0, 'audio_count': 0, 'csv_count': 0, 'metadata_count': 0}
2026-07-30 00:12:47,883 INFO dataset_management: Verified animal_kingdom: {'folder_exists': True, 'images_exist': False, 'audio_exist': False, 'csv_exists': False, 'metadata_exists': False, 'species_count': 0, 'image_count': 0, 'audio_count': 0, 'csv_count': 0, 'metadata_count': 0}
2026-07-30 00:12:47,892 INFO dataset_management: Verified inaturalist: {'folder_exists': True, 'images_exist': False, 'audio_exist': False, 'csv_exists': False, 'metadata_exists': False, 'species_count': 0, 'image_count': 0, 'audio_count': 0, 'csv_count': 0, 'metadata_count': 0}
2026-07-30 00:12:47,894 INFO dataset_management: Verified birdclef: {'folder_exists': True, 'images_exist': False, 'audio_exist': False, 'csv_exists': False, 'metadata_exists': False, 'species_count': 0, 'image_count': 0, 'audio_count': 0, 'csv_count': 0, 'metadata_count': 0}
2026-07-30 00:12:47,898 INFO dataset_management: Verified gbif: {'folder_exists': True, 'images_exist': False, 'audio_exist': False, 'csv_exists': False, 'metadata_exists': False, 'species_count': 0, 'image_count': 0, 'audio_count': 0, 'csv_count': 0, 'metadata_count': 0}
2026-07-30 00:12:47,997 INFO dataset_management: Verified snapshot_serengeti: {'folder_exists': True, 'images_exist': False, 'audio_exist': False, 'csv_exists': False, 'metadata_exists': False, 'species_count': 0, 'image_count': 0, 'audio_count': 0, 'csv_count': 0, 'metadata_count': 0}
2026-07-30 00:12:48,000 INFO dataset_management: Verified animal_kingdom: {'folder_exists': True, 'images_exist': False, 'audio_exist': False, 'csv_exists': False, 'metadata_exists': False, 'species_count': 0, 'image_count': 0, 'audio_count': 0, 'csv_count': 0, 'metadata_count': 0}
2026-07-30 00:12:48,000 INFO dataset_management: Generated dataset_report.csv: images=0 audio=0
2026-07-30 00:12:48,010 INFO dataset_management: Verified inaturalist: {'folder_exists': True, 'images_exist': False, 'audio_exist': False, 'csv_exists': False, 'metadata_exists': False, 'species_count': 0, 'image_count': 0, 'audio_count': 0, 'csv_count': 0, 'metadata_count': 0}
2026-07-30 00:12:48,015 INFO dataset_management: Verified birdclef: {'folder_exists': True, 'images_exist': False, 'audio_exist': False, 'csv_exists': False, 'metadata_exists': False, 'species_count': 0, 'image_count': 0, 'audio_count': 0, 'csv_count': 0, 'metadata_count': 0}
2026-07-30 00:12:48,019 INFO dataset_management: Verified gbif: {'folder_exists': True, 'images_exist': False, 'audio_exist': False, 'csv_exists': False, 'metadata_exists': False, 'species_count': 0, 'image_count': 0, 'audio_count': 0, 'csv_count': 0, 'metadata_count': 0}
2026-07-30 00:12:48,279 INFO dataset_management: Generated dataset_report.csv: images=0 audio=0
2026-07-30 00:56:57,453 INFO dataset_management: Verified snapshot_serengeti: {'folder_exists': True, 'images_exist': False, 'audio_exist': False, 'csv_exists': False, 'metadata_exists': False, 'species_count': 0, 'image_count': 0, 'audio_count': 0, 'csv_count': 0, 'metadata_count': 0}
2026-07-30 00:56:57,456 INFO dataset_management: Verified animal_kingdom: {'folder_exists': True, 'images_exist': False, 'audio_exist': False, 'csv_exists': False, 'metadata_exists': False, 'species_count': 0, 'image_count': 0, 'audio_count': 0, 'csv_count': 0, 'metadata_count': 0}
2026-07-30 00:56:57,460 INFO dataset_management: Verified inaturalist: {'folder_exists': True, 'images_exist': False, 'audio_exist': False, 'csv_exists': False, 'metadata_exists': False, 'species_count': 0, 'image_count': 0, 'audio_count': 0, 'csv_count': 0, 'metadata_count': 0}
2026-07-30 00:56:57,464 INFO dataset_management: Verified birdclef: {'folder_exists': True, 'images_exist': False, 'audio_exist': False, 'csv_exists': False, 'metadata_exists': False, 'species_count': 0, 'image_count': 0, 'audio_count': 0, 'csv_count': 0, 'metadata_count': 0}
2026-07-30 00:56:57,470 INFO dataset_management: Verified gbif: {'folder_exists': True, 'images_exist': False, 'audio_exist': False, 'csv_exists': False, 'metadata_exists': False, 'species_count': 0, 'image_count': 0, 'audio_count': 0, 'csv_count': 0, 'metadata_count': 0}
2026-07-30 00:56:57,503 INFO dataset_management: Generated dataset_report.csv: images=0 audio=0
2026-07-30 00:56:57,664 INFO dataset_management: Verified snapshot_serengeti: {'folder_exists': True, 'images_exist': False, 'audio_exist': False, 'csv_exists': False, 'metadata_exists': False, 'species_count': 0, 'image_count': 0, 'audio_count': 0, 'csv_count': 0, 'metadata_count': 0}
2026-07-30 00:56:57,666 INFO dataset_management: Verified animal_kingdom: {'folder_exists': True, 'images_exist': False, 'audio_exist': False, 'csv_exists': False, 'metadata_exists': False, 'species_count': 0, 'image_count': 0, 'audio_count': 0, 'csv_count': 0, 'metadata_count': 0}
2026-07-30 00:56:57,668 INFO dataset_management: Verified inaturalist: {'folder_exists': True, 'images_exist': False, 'audio_exist': False, 'csv_exists': False, 'metadata_exists': False, 'species_count': 0, 'image_count': 0, 'audio_count': 0, 'csv_count': 0, 'metadata_count': 0}
2026-07-30 00:56:57,671 INFO dataset_management: Verified birdclef: {'folder_exists': True, 'images_exist': False, 'audio_exist': False, 'csv_exists': False, 'metadata_exists': False, 'species_count': 0, 'image_count': 0, 'audio_count': 0, 'csv_count': 0, 'metadata_count': 0}
2026-07-30 00:56:57,673 INFO dataset_management: Verified gbif: {'folder_exists': True, 'images_exist': False, 'audio_exist': False, 'csv_exists': False, 'metadata_exists': False, 'species_count': 0, 'image_count': 0, 'audio_count': 0, 'csv_count': 0, 'metadata_count': 0}
2026-07-30 00:56:57,840 INFO dataset_management: Generated dataset_report.csv: images=0 audio=0
2026-07-30 00:57:01,320 INFO dataset_management: Verified snapshot_serengeti: {'folder_exists': True, 'images_exist': False, 'audio_exist': False, 'csv_exists': False, 'metadata_exists': False, 'species_count': 0, 'image_count': 0, 'audio_count': 0, 'csv_count': 0, 'metadata_count': 0}
2026-07-30 00:57:01,321 INFO dataset_management: Verified animal_kingdom: {'folder_exists': True, 'images_exist': False, 'audio_exist': False, 'csv_exists': False, 'metadata_exists': False, 'species_count': 0, 'image_count': 0, 'audio_count': 0, 'csv_count': 0, 'metadata_count': 0}
2026-07-30 00:57:01,322 INFO dataset_management: Verified inaturalist: {'folder_exists': True, 'images_exist': False, 'audio_exist': False, 'csv_exists': False, 'metadata_exists': False, 'species_count': 0, 'image_count': 0, 'audio_count': 0, 'csv_count': 0, 'metadata_count': 0}
2026-07-30 00:57:01,323 INFO dataset_management: Verified birdclef: {'folder_exists': True, 'images_exist': False, 'audio_exist': False, 'csv_exists': False, 'metadata_exists': False, 'species_count': 0, 'image_count': 0, 'audio_count': 0, 'csv_count': 0, 'metadata_count': 0}
2026-07-30 00:57:01,325 INFO dataset_management: Verified gbif: {'folder_exists': True, 'images_exist': False, 'audio_exist': False, 'csv_exists': False, 'metadata_exists': False, 'species_count': 0, 'image_count': 0, 'audio_count': 0, 'csv_count': 0, 'metadata_count': 0}
2026-07-30 00:57:01,656 INFO dataset_management: Verified snapshot_serengeti: {'folder_exists': True, 'images_exist': False, 'audio_exist': False, 'csv_exists': False, 'metadata_exists': False, 'species_count': 0, 'image_count': 0, 'audio_count': 0, 'csv_count': 0, 'metadata_count': 0}
2026-07-30 00:57:01,659 INFO dataset_management: Verified animal_kingdom: {'folder_exists': True, 'images_exist': False, 'audio_exist': False, 'csv_exists': False, 'metadata_exists': False, 'species_count': 0, 'image_count': 0, 'audio_count': 0, 'csv_count': 0, 'metadata_count': 0}
2026-07-30 00:57:01,661 INFO dataset_management: Verified inaturalist: {'folder_exists': True, 'images_exist': False, 'audio_exist': False, 'csv_exists': False, 'metadata_exists': False, 'species_count': 0, 'image_count': 0, 'audio_count': 0, 'csv_count': 0, 'metadata_count': 0}
2026-07-30 00:57:01,663 INFO dataset_management: Verified birdclef: {'folder_exists': True, 'images_exist': False, 'audio_exist': False, 'csv_exists': False, 'metadata_exists': False, 'species_count': 0, 'image_count': 0, 'audio_count': 0, 'csv_count': 0, 'metadata_count': 0}
2026-07-30 00:57:01,664 INFO dataset_management: Verified gbif: {'folder_exists': True, 'images_exist': False, 'audio_exist': False, 'csv_exists': False, 'metadata_exists': False, 'species_count': 0, 'image_count': 0, 'audio_count': 0, 'csv_count': 0, 'metadata_count': 0}
2026-07-30 00:57:01,704 INFO dataset_management: Generated dataset_report.csv: images=0 audio=0
2026-07-30 00:57:04,496 INFO dataset_management: Generated dataset_report.csv: images=0 audio=0
2026-07-30 00:57:04,734 INFO dataset_management: Verified snapshot_serengeti: {'folder_exists': True, 'images_exist': False, 'audio_exist': False, 'csv_exists': False, 'metadata_exists': False, 'species_count': 0, 'image_count': 0, 'audio_count': 0, 'csv_count': 0, 'metadata_count': 0}
2026-07-30 00:57:04,736 INFO dataset_management: Verified animal_kingdom: {'folder_exists': True, 'images_exist': False, 'audio_exist': False, 'csv_exists': False, 'metadata_exists': False, 'species_count': 0, 'image_count': 0, 'audio_count': 0, 'csv_count': 0, 'metadata_count': 0}
2026-07-30 00:57:04,738 INFO dataset_management: Verified inaturalist: {'folder_exists': True, 'images_exist': False, 'audio_exist': False, 'csv_exists': False, 'metadata_exists': False, 'species_count': 0, 'image_count': 0, 'audio_count': 0, 'csv_count': 0, 'metadata_count': 0}
2026-07-30 00:57:04,739 INFO dataset_management: Verified birdclef: {'folder_exists': True, 'images_exist': False, 'audio_exist': False, 'csv_exists': False, 'metadata_exists': False, 'species_count': 0, 'image_count': 0, 'audio_count': 0, 'csv_count': 0, 'metadata_count': 0}
2026-07-30 00:57:04,742 INFO dataset_management: Verified gbif: {'folder_exists': True, 'images_exist': False, 'audio_exist': False, 'csv_exists': False, 'metadata_exists': False, 'species_count': 0, 'image_count': 0, 'audio_count': 0, 'csv_count': 0, 'metadata_count': 0}
2026-07-30 00:57:04,864 INFO dataset_management: Generated dataset_report.csv: images=0 audio=0
